multipleCallTargets
| test_logging.rs:77:20:77:36 | password.as_str() |
| test_logging.rs:78:22:78:38 | password.as_str() |
| test_logging.rs:88:18:88:34 | password.as_str() |
| test_logging.rs:229:30:229:71 | ... .as_str() |
| test_logging.rs:242:16:242:61 | ... .as_bytes() |
| test_logging.rs:243:5:245:66 | ... .write_all(...) |
| test_logging.rs:245:20:245:65 | ... .as_bytes() |
| test_logging.rs:248:15:248:60 | ... .as_bytes() |
| test_logging.rs:251:15:251:60 | ... .as_bytes() |
