| TestORM.java:34:15:34:27 | nonCompliant1 | This test method mocks all public methods of a $@. | EmployeeRecord.java:4:14:4:27 | EmployeeRecord | class or an interface |
| TestORM.java:47:15:47:27 | nonCompliant2 | This test method mocks all public methods of a $@. | EmployeeRecord.java:4:14:4:27 | EmployeeRecord | class or an interface |
| TestORM.java:61:15:61:35 | compliantSingleMethod | This test method mocks all public methods of a $@. | EmployeeStatus.java:5:14:5:27 | EmployeeStatus | class or an interface |
