| consts.go:4:2:4:6 | "fmt" | "fmt" |
| consts.go:5:2:5:9 | "unsafe" | "unsafe" |
| consts.go:8:9:8:9 | 0 | 0 |
| consts.go:11:6:11:8 | "a" | "a" |
| consts.go:13:6:13:6 | 4 | 4 |
| consts.go:17:10:17:10 | 1 | 1 |
| consts.go:21:9:21:9 | 1 | 1 |
| consts.go:25:7:25:7 | 1 | 1 |
| consts.go:31:14:31:20 | "value" | "value" |
| consts.go:31:23:31:29 | "split" | "split" |
| consts.go:31:31:31:38 | "string" | "string" |
| consts.go:32:3:32:4 | 20 | 20 |
| consts.go:32:7:32:7 | 3 | 3 |
| consts.go:32:9:32:9 | 2 | 2 |
| consts.go:32:12:32:13 | 2i | 2i |
| consts.go:32:16:32:20 | 0.24i | 0.24i |
| consts.go:32:23:32:23 | 1 | 1 |
| consts.go:32:25:32:26 | 1i | 1i |
| consts.go:32:29:32:31 | 2.3 | 2.3 |
| consts.go:32:33:32:36 | 9.7i | 9.7i |
| consts.go:33:3:33:5 | 'a' | 'a' |
| consts.go:33:8:33:13 | '\\x8b' | '\\x8b' |
| consts.go:33:16:33:38 | 3.141592653589793238462 | 3.141592653589793238462 |
| consts.go:33:40:33:40 | 8 | 8 |
| consts.go:45:16:45:17 | 3i | 3i |
| consts.go:46:16:46:16 | 2 | 2 |
| consts.go:47:16:47:18 | 1.0 | 1.0 |
| consts.go:48:16:48:19 | "hi" | "hi" |
| ellipsis.go:7:5:7:5 | 1 | 1 |
| ellipsis.go:8:5:8:5 | 1 | 1 |
| ellipsis.go:8:8:8:8 | 2 | 2 |
| ellipsis.go:9:5:9:5 | 1 | 1 |
| ellipsis.go:9:8:9:8 | 2 | 2 |
| ellipsis.go:9:11:9:11 | 3 | 3 |
| ellipsis.go:10:5:10:5 | 1 | 1 |
| ellipsis.go:10:14:10:14 | 2 | 2 |
| ellipsis.go:10:17:10:17 | 3 | 3 |
| literals.go:3:8:3:12 | "fmt" | "fmt" |
| literals.go:8:2:8:10 | "decimal" | "decimal" |
| literals.go:8:17:8:18 | 42 | 42 |
| literals.go:9:2:9:8 | "octal" | "octal" |
| literals.go:9:17:9:20 | 0600 | 0600 |
| literals.go:10:2:10:14 | "hexadecimal" | "hexadecimal" |
| literals.go:10:17:10:24 | 0xcaffee | 0xcaffee |
| literals.go:14:2:14:3 | 0. | 0. |
| literals.go:15:2:15:6 | 72.40 | 72.40 |
| literals.go:16:2:16:7 | 072.40 | 072.40 |
| literals.go:17:2:17:8 | 2.71828 | 2.71828 |
| literals.go:18:2:18:6 | 1.e+0 | 1.e+0 |
| literals.go:19:2:19:12 | 6.67428e-11 | 6.67428e-11 |
| literals.go:20:2:20:4 | 1E6 | 1E6 |
| literals.go:21:2:21:4 | .25 | .25 |
| literals.go:22:2:22:10 | .12345E+5 | .12345E+5 |
| literals.go:26:2:26:3 | 0i | 0i |
| literals.go:27:2:27:5 | 011i | 011i |
| literals.go:28:2:28:4 | 0.i | 0.i |
| literals.go:29:2:29:9 | 2.71828i | 2.71828i |
| literals.go:30:2:30:7 | 1.e+0i | 1.e+0i |
| literals.go:31:2:31:13 | 6.67428e-11i | 6.67428e-11i |
| literals.go:32:2:32:5 | 1E6i | 1E6i |
| literals.go:33:2:33:5 | .25i | .25i |
| literals.go:34:2:34:11 | .12345E+5i | .12345E+5i |
| literals.go:38:2:38:4 | 'a' | 'a' |
| literals.go:39:2:39:5 | '\u00e4' | '\u00e4' |
| literals.go:40:2:40:6 | '\u672c' | '\u672c' |
| literals.go:41:2:41:5 | '\\t' | '\\t' |
| literals.go:42:2:42:7 | '\\007' | '\\007' |
| literals.go:43:2:43:7 | '\\377' | '\\377' |
| literals.go:44:2:44:7 | '\\x07' | '\\x07' |
| literals.go:45:2:45:7 | '\\xff' | '\\xff' |
| literals.go:46:2:46:9 | '\\u12e4' | '\\u12e4' |
| literals.go:47:2:47:13 | '\\U00101234' | '\\U00101234' |
| literals.go:48:2:48:5 | '\\'' | '\\'' |
| literals.go:52:2:52:6 | `abc` | `abc` |
| literals.go:53:2:54:3 | `\\n,\n\\n` | `\\n,\n\\n` |
| literals.go:55:2:55:5 | "\\n" | "\\n" |
| literals.go:56:2:56:5 | "\\"" | "\\"" |
| literals.go:57:2:57:18 | "Hello, world!\\n" | "Hello, world!\\n" |
| literals.go:58:2:58:12 | "\u65e5\u672c\u8a9e" | "\u65e5\u672c\u8a9e" |
| literals.go:59:2:59:22 | "\\u65e5\u672c\\U00008a9e" | "\\u65e5\u672c\\U00008a9e" |
| literals.go:60:2:60:13 | "\\xff\\u00FF" | "\\xff\\u00FF" |
| literals.go:69:22:69:27 | "\ud83d\udcff" | "\ud83d\udcff" |
| literals.go:69:31:69:32 | "" | "" |
