consistencyOverview
| deadEnd | 1 |
| invalidAbruptCompletionOrigin | 23 |
| multipleSuccessors | 24 |
| selfLoop | 1 |
deadEnd
| stmts.go:61:2:61:10 | select statement |
invalidAbruptCompletionOrigin
| epilogues.go:60:2:60:33 | defer statement | epilogues.go:60:8:60:33 | defer-invoke call to log |
| epilogues.go:68:2:68:24 | defer statement | epilogues.go:68:8:68:24 | defer-invoke call to logValue |
| epilogues.go:69:2:69:25 | defer statement | epilogues.go:69:8:69:25 | defer-invoke call to log |
| epilogues.go:78:2:80:15 | defer statement | epilogues.go:78:8:80:15 | defer-invoke function call |
| epilogues.go:88:2:92:4 | defer statement | epilogues.go:88:8:92:4 | defer-invoke function call |
| epilogues.go:103:2:103:19 | defer statement | epilogues.go:103:8:103:19 | defer-invoke call to epiRecover |
| epilogues.go:116:2:116:19 | defer statement | epilogues.go:116:8:116:19 | defer-invoke call to epiRecover |
| stmts7.go:14:2:14:21 | defer statement | stmts7.go:14:8:14:21 | defer-invoke call to recoverPanic |
| stmts7.go:27:2:27:20 | defer statement | stmts7.go:27:8:27:20 | defer-invoke call to fn |
| stmts7.go:28:2:28:23 | defer statement | stmts7.go:28:8:28:23 | defer-invoke call to fn |
| stmts7.go:34:2:34:21 | defer statement | stmts7.go:34:8:34:21 | defer-invoke call to recoverPanic |
| stmts7.go:39:2:39:21 | defer statement | stmts7.go:39:8:39:21 | defer-invoke call to recoverPanic |
| stmts7.go:40:2:40:30 | defer statement | stmts7.go:40:8:40:30 | defer-invoke call to panic |
| stmts7.go:44:2:44:36 | defer statement | stmts7.go:44:8:44:36 | defer-invoke call to panic |
| stmts7.go:48:2:48:21 | defer statement | stmts7.go:48:8:48:21 | defer-invoke call to recoverPanic |
| stmts7.go:49:2:49:17 | defer statement | stmts7.go:49:8:49:17 | defer-invoke call to Exit |
| stmts7.go:53:2:53:21 | defer statement | stmts7.go:53:8:53:21 | defer-invoke call to recoverPanic |
| stmts7.go:59:3:59:22 | defer statement | stmts7.go:59:9:59:22 | defer-invoke call to recoverPanic |
| stmts7.go:66:3:66:22 | defer statement | stmts7.go:66:9:66:22 | defer-invoke call to recoverPanic |
| stmts7.go:74:2:74:21 | defer statement | stmts7.go:74:8:74:21 | defer-invoke call to recoverPanic |
| stmts7.go:83:2:83:21 | defer statement | stmts7.go:83:8:83:21 | defer-invoke call to recoverPanic |
| stmts.go:67:3:67:35 | defer statement | stmts.go:67:9:67:35 | defer-invoke function call |
| stmts.go:69:3:69:36 | defer statement | stmts.go:69:9:69:36 | defer-invoke function call |
multipleSuccessors
| stmts2.go:16:2:26:2 | select statement | successor | stmts2.go:17:2:17:15 | comm clause |
| stmts2.go:16:2:26:2 | select statement | successor | stmts2.go:18:2:19:10 | comm clause |
| stmts2.go:16:2:26:2 | select statement | successor | stmts2.go:20:2:24:10 | comm clause |
| stmts2.go:16:2:26:2 | select statement | successor | stmts2.go:25:2:25:18 | comm clause |
| stmts7.go:61:2:61:20 | After expression statement | successor | stmts7.go:57:38:62:1 | After block statement |
| stmts7.go:61:2:61:20 | After expression statement | successor | stmts7.go:59:9:59:22 | defer-invoke call to recoverPanic |
| stmts7.go:61:2:61:20 | catch-panic expression statement | successor | stmts7.go:57:1:62:1 | Exceptional Exit |
| stmts7.go:61:2:61:20 | catch-panic expression statement | successor | stmts7.go:59:9:59:22 | defer-invoke call to recoverPanic |
| stmts7.go:65:2:67:2 | After for statement | successor | stmts7.go:64:31:68:1 | After block statement |
| stmts7.go:65:2:67:2 | After for statement | successor | stmts7.go:66:9:66:22 | defer-invoke call to recoverPanic |
| stmts7.go:66:3:66:22 | catch-defer-panic defer statement | successor | stmts7.go:64:1:68:1 | Exceptional Exit |
| stmts7.go:66:3:66:22 | catch-defer-panic defer statement | successor | stmts7.go:66:9:66:22 | defer-invoke call to recoverPanic |
| stmts7.go:66:9:66:22 | defer-invoke call to recoverPanic | successor | stmts7.go:64:31:68:1 | After block statement |
| stmts7.go:66:9:66:22 | defer-invoke call to recoverPanic | successor | stmts7.go:66:9:66:22 | defer-invoke call to recoverPanic |
| stmts7.go:75:1:76:20 | After labeled statement | successor | stmts7.go:70:31:77:1 | After block statement |
| stmts7.go:75:1:76:20 | After labeled statement | successor | stmts7.go:74:8:74:21 | defer-invoke call to recoverPanic |
| stmts7.go:75:1:76:20 | catch-panic labeled statement | successor | stmts7.go:70:1:77:1 | Exceptional Exit |
| stmts7.go:75:1:76:20 | catch-panic labeled statement | successor | stmts7.go:74:8:74:21 | defer-invoke call to recoverPanic |
| stmts.go:50:2:59:2 | select statement | successor | stmts.go:51:2:52:31 | comm clause |
| stmts.go:50:2:59:2 | select statement | successor | stmts.go:53:2:55:16 | comm clause |
| stmts.go:50:2:59:2 | select statement | successor | stmts.go:56:2:57:15 | comm clause |
| stmts.go:50:2:59:2 | select statement | successor | stmts.go:58:2:58:16 | comm clause |
| stmts.go:71:2:71:10 | catch-return return statement | successor | stmts.go:67:9:67:35 | defer-invoke function call |
| stmts.go:71:2:71:10 | catch-return return statement | successor | stmts.go:69:9:69:36 | defer-invoke function call |
selfLoop
| stmts7.go:66:9:66:22 | defer-invoke call to recoverPanic | successor |
