edges
| tornado_bad.py:22:25:22:69 | ControlFlowNode for Attribute() | tornado_bad.py:23:16:23:24 | ControlFlowNode for client_ip |
nodes
| tornado_bad.py:22:25:22:69 | ControlFlowNode for Attribute() | semmle.label | ControlFlowNode for Attribute() |
| tornado_bad.py:23:16:23:24 | ControlFlowNode for client_ip | semmle.label | ControlFlowNode for client_ip |
subpaths
#select
| tornado_bad.py:23:16:23:24 | ControlFlowNode for client_ip | tornado_bad.py:22:25:22:69 | ControlFlowNode for Attribute() | tornado_bad.py:23:16:23:24 | ControlFlowNode for client_ip | IP address spoofing might include code from $@. | tornado_bad.py:22:25:22:69 | ControlFlowNode for Attribute() | this user input |
