| [...]/csharp/tools/[...]/Basic.CompilerLog.Util.dll |
| [...]/csharp/tools/[...]/Humanizer.dll |
| [...]/csharp/tools/[...]/MessagePack.Annotations.dll |
| [...]/csharp/tools/[...]/MessagePack.dll |
| [...]/csharp/tools/[...]/Microsoft.Bcl.AsyncInterfaces.dll |
| [...]/csharp/tools/[...]/Microsoft.Build.Framework.dll |
| [...]/csharp/tools/[...]/Microsoft.Build.Utilities.Core.dll |
| [...]/csharp/tools/[...]/Microsoft.Build.dll |
| [...]/csharp/tools/[...]/Microsoft.CSharp.dll |
| [...]/csharp/tools/[...]/Microsoft.CodeAnalysis.CSharp.Workspaces.dll |
| [...]/csharp/tools/[...]/Microsoft.CodeAnalysis.CSharp.dll |
| [...]/csharp/tools/[...]/Microsoft.CodeAnalysis.VisualBasic.Workspaces.dll |
| [...]/csharp/tools/[...]/Microsoft.CodeAnalysis.VisualBasic.dll |
| [...]/csharp/tools/[...]/Microsoft.CodeAnalysis.Workspaces.dll |
| [...]/csharp/tools/[...]/Microsoft.CodeAnalysis.dll |
| [...]/csharp/tools/[...]/Microsoft.Extensions.ObjectPool.dll |
| [...]/csharp/tools/[...]/Microsoft.NET.StringTools.dll |
| [...]/csharp/tools/[...]/Microsoft.VisualBasic.Core.dll |
| [...]/csharp/tools/[...]/Microsoft.VisualBasic.dll |
| [...]/csharp/tools/[...]/Microsoft.Win32.Primitives.dll |
| [...]/csharp/tools/[...]/Microsoft.Win32.Registry.dll |
| [...]/csharp/tools/[...]/Mono.Posix.NETStandard.dll |
| [...]/csharp/tools/[...]/Newtonsoft.Json.dll |
| [...]/csharp/tools/[...]/StructuredLogger.dll |
| [...]/csharp/tools/[...]/System.AppContext.dll |
| [...]/csharp/tools/[...]/System.Buffers.dll |
| [...]/csharp/tools/[...]/System.Collections.Concurrent.dll |
| [...]/csharp/tools/[...]/System.Collections.Immutable.dll |
| [...]/csharp/tools/[...]/System.Collections.NonGeneric.dll |
| [...]/csharp/tools/[...]/System.Collections.Specialized.dll |
| [...]/csharp/tools/[...]/System.Collections.dll |
| [...]/csharp/tools/[...]/System.ComponentModel.Annotations.dll |
| [...]/csharp/tools/[...]/System.ComponentModel.DataAnnotations.dll |
| [...]/csharp/tools/[...]/System.ComponentModel.EventBasedAsync.dll |
| [...]/csharp/tools/[...]/System.ComponentModel.Primitives.dll |
| [...]/csharp/tools/[...]/System.ComponentModel.TypeConverter.dll |
| [...]/csharp/tools/[...]/System.ComponentModel.dll |
| [...]/csharp/tools/[...]/System.Composition.AttributedModel.dll |
| [...]/csharp/tools/[...]/System.Composition.Convention.dll |
| [...]/csharp/tools/[...]/System.Composition.Hosting.dll |
| [...]/csharp/tools/[...]/System.Composition.Runtime.dll |
| [...]/csharp/tools/[...]/System.Composition.TypedParts.dll |
| [...]/csharp/tools/[...]/System.Configuration.ConfigurationManager.dll |
| [...]/csharp/tools/[...]/System.Configuration.dll |
| [...]/csharp/tools/[...]/System.Console.dll |
| [...]/csharp/tools/[...]/System.Core.dll |
| [...]/csharp/tools/[...]/System.Data.Common.dll |
| [...]/csharp/tools/[...]/System.Data.DataSetExtensions.dll |
| [...]/csharp/tools/[...]/System.Data.dll |
| [...]/csharp/tools/[...]/System.Diagnostics.Contracts.dll |
| [...]/csharp/tools/[...]/System.Diagnostics.Debug.dll |
| [...]/csharp/tools/[...]/System.Diagnostics.DiagnosticSource.dll |
| [...]/csharp/tools/[...]/System.Diagnostics.EventLog.dll |
| [...]/csharp/tools/[...]/System.Diagnostics.FileVersionInfo.dll |
| [...]/csharp/tools/[...]/System.Diagnostics.Process.dll |
| [...]/csharp/tools/[...]/System.Diagnostics.StackTrace.dll |
| [...]/csharp/tools/[...]/System.Diagnostics.TextWriterTraceListener.dll |
| [...]/csharp/tools/[...]/System.Diagnostics.Tools.dll |
| [...]/csharp/tools/[...]/System.Diagnostics.TraceSource.dll |
| [...]/csharp/tools/[...]/System.Diagnostics.Tracing.dll |
| [...]/csharp/tools/[...]/System.Drawing.Primitives.dll |
| [...]/csharp/tools/[...]/System.Drawing.dll |
| [...]/csharp/tools/[...]/System.Dynamic.Runtime.dll |
| [...]/csharp/tools/[...]/System.Formats.Asn1.dll |
| [...]/csharp/tools/[...]/System.Formats.Tar.dll |
| [...]/csharp/tools/[...]/System.Globalization.Calendars.dll |
| [...]/csharp/tools/[...]/System.Globalization.Extensions.dll |
| [...]/csharp/tools/[...]/System.Globalization.dll |
| [...]/csharp/tools/[...]/System.IO.Compression.Brotli.dll |
| [...]/csharp/tools/[...]/System.IO.Compression.FileSystem.dll |
| [...]/csharp/tools/[...]/System.IO.Compression.ZipFile.dll |
| [...]/csharp/tools/[...]/System.IO.Compression.dll |
| [...]/csharp/tools/[...]/System.IO.FileSystem.AccessControl.dll |
| [...]/csharp/tools/[...]/System.IO.FileSystem.DriveInfo.dll |
| [...]/csharp/tools/[...]/System.IO.FileSystem.Primitives.dll |
| [...]/csharp/tools/[...]/System.IO.FileSystem.Watcher.dll |
| [...]/csharp/tools/[...]/System.IO.FileSystem.dll |
| [...]/csharp/tools/[...]/System.IO.IsolatedStorage.dll |
| [...]/csharp/tools/[...]/System.IO.MemoryMappedFiles.dll |
| [...]/csharp/tools/[...]/System.IO.Pipelines.dll |
| [...]/csharp/tools/[...]/System.IO.Pipes.AccessControl.dll |
| [...]/csharp/tools/[...]/System.IO.Pipes.dll |
| [...]/csharp/tools/[...]/System.IO.UnmanagedMemoryStream.dll |
| [...]/csharp/tools/[...]/System.IO.dll |
| [...]/csharp/tools/[...]/System.Linq.Expressions.dll |
| [...]/csharp/tools/[...]/System.Linq.Parallel.dll |
| [...]/csharp/tools/[...]/System.Linq.Queryable.dll |
| [...]/csharp/tools/[...]/System.Linq.dll |
| [...]/csharp/tools/[...]/System.Memory.dll |
| [...]/csharp/tools/[...]/System.Net.Http.Json.dll |
| [...]/csharp/tools/[...]/System.Net.Http.dll |
| [...]/csharp/tools/[...]/System.Net.HttpListener.dll |
| [...]/csharp/tools/[...]/System.Net.Mail.dll |
| [...]/csharp/tools/[...]/System.Net.NameResolution.dll |
| [...]/csharp/tools/[...]/System.Net.NetworkInformation.dll |
| [...]/csharp/tools/[...]/System.Net.Ping.dll |
| [...]/csharp/tools/[...]/System.Net.Primitives.dll |
| [...]/csharp/tools/[...]/System.Net.Quic.dll |
| [...]/csharp/tools/[...]/System.Net.Requests.dll |
| [...]/csharp/tools/[...]/System.Net.Security.dll |
| [...]/csharp/tools/[...]/System.Net.ServicePoint.dll |
| [...]/csharp/tools/[...]/System.Net.Sockets.dll |
| [...]/csharp/tools/[...]/System.Net.WebClient.dll |
| [...]/csharp/tools/[...]/System.Net.WebHeaderCollection.dll |
| [...]/csharp/tools/[...]/System.Net.WebProxy.dll |
| [...]/csharp/tools/[...]/System.Net.WebSockets.Client.dll |
| [...]/csharp/tools/[...]/System.Net.WebSockets.dll |
| [...]/csharp/tools/[...]/System.Net.dll |
| [...]/csharp/tools/[...]/System.Numerics.Vectors.dll |
| [...]/csharp/tools/[...]/System.Numerics.dll |
| [...]/csharp/tools/[...]/System.ObjectModel.dll |
| [...]/csharp/tools/[...]/System.Private.CoreLib.dll |
| [...]/csharp/tools/[...]/System.Private.DataContractSerialization.dll |
| [...]/csharp/tools/[...]/System.Private.Uri.dll |
| [...]/csharp/tools/[...]/System.Private.Xml.Linq.dll |
| [...]/csharp/tools/[...]/System.Private.Xml.dll |
| [...]/csharp/tools/[...]/System.Reflection.DispatchProxy.dll |
| [...]/csharp/tools/[...]/System.Reflection.Emit.ILGeneration.dll |
| [...]/csharp/tools/[...]/System.Reflection.Emit.Lightweight.dll |
| [...]/csharp/tools/[...]/System.Reflection.Emit.dll |
| [...]/csharp/tools/[...]/System.Reflection.Extensions.dll |
| [...]/csharp/tools/[...]/System.Reflection.Metadata.dll |
| [...]/csharp/tools/[...]/System.Reflection.MetadataLoadContext.dll |
| [...]/csharp/tools/[...]/System.Reflection.Primitives.dll |
| [...]/csharp/tools/[...]/System.Reflection.TypeExtensions.dll |
| [...]/csharp/tools/[...]/System.Reflection.dll |
| [...]/csharp/tools/[...]/System.Resources.Reader.dll |
| [...]/csharp/tools/[...]/System.Resources.ResourceManager.dll |
| [...]/csharp/tools/[...]/System.Resources.Writer.dll |
| [...]/csharp/tools/[...]/System.Runtime.CompilerServices.Unsafe.dll |
| [...]/csharp/tools/[...]/System.Runtime.CompilerServices.VisualC.dll |
| [...]/csharp/tools/[...]/System.Runtime.Extensions.dll |
| [...]/csharp/tools/[...]/System.Runtime.Handles.dll |
| [...]/csharp/tools/[...]/System.Runtime.InteropServices.JavaScript.dll |
| [...]/csharp/tools/[...]/System.Runtime.InteropServices.RuntimeInformation.dll |
| [...]/csharp/tools/[...]/System.Runtime.InteropServices.dll |
| [...]/csharp/tools/[...]/System.Runtime.Intrinsics.dll |
| [...]/csharp/tools/[...]/System.Runtime.Loader.dll |
| [...]/csharp/tools/[...]/System.Runtime.Numerics.dll |
| [...]/csharp/tools/[...]/System.Runtime.Serialization.Formatters.dll |
| [...]/csharp/tools/[...]/System.Runtime.Serialization.Json.dll |
| [...]/csharp/tools/[...]/System.Runtime.Serialization.Primitives.dll |
| [...]/csharp/tools/[...]/System.Runtime.Serialization.Xml.dll |
| [...]/csharp/tools/[...]/System.Runtime.Serialization.dll |
| [...]/csharp/tools/[...]/System.Runtime.dll |
| [...]/csharp/tools/[...]/System.Security.AccessControl.dll |
| [...]/csharp/tools/[...]/System.Security.Claims.dll |
| [...]/csharp/tools/[...]/System.Security.Cryptography.Algorithms.dll |
| [...]/csharp/tools/[...]/System.Security.Cryptography.Cng.dll |
| [...]/csharp/tools/[...]/System.Security.Cryptography.Csp.dll |
| [...]/csharp/tools/[...]/System.Security.Cryptography.Encoding.dll |
| [...]/csharp/tools/[...]/System.Security.Cryptography.OpenSsl.dll |
| [...]/csharp/tools/[...]/System.Security.Cryptography.Primitives.dll |
| [...]/csharp/tools/[...]/System.Security.Cryptography.ProtectedData.dll |
| [...]/csharp/tools/[...]/System.Security.Cryptography.X509Certificates.dll |
| [...]/csharp/tools/[...]/System.Security.Cryptography.dll |
| [...]/csharp/tools/[...]/System.Security.Principal.Windows.dll |
| [...]/csharp/tools/[...]/System.Security.Principal.dll |
| [...]/csharp/tools/[...]/System.Security.SecureString.dll |
| [...]/csharp/tools/[...]/System.Security.dll |
| [...]/csharp/tools/[...]/System.ServiceModel.Web.dll |
| [...]/csharp/tools/[...]/System.ServiceProcess.dll |
| [...]/csharp/tools/[...]/System.Text.Encoding.CodePages.dll |
| [...]/csharp/tools/[...]/System.Text.Encoding.Extensions.dll |
| [...]/csharp/tools/[...]/System.Text.Encoding.dll |
| [...]/csharp/tools/[...]/System.Text.Encodings.Web.dll |
| [...]/csharp/tools/[...]/System.Text.Json.dll |
| [...]/csharp/tools/[...]/System.Text.RegularExpressions.dll |
| [...]/csharp/tools/[...]/System.Threading.Channels.dll |
| [...]/csharp/tools/[...]/System.Threading.Overlapped.dll |
| [...]/csharp/tools/[...]/System.Threading.Tasks.Dataflow.dll |
| [...]/csharp/tools/[...]/System.Threading.Tasks.Extensions.dll |
| [...]/csharp/tools/[...]/System.Threading.Tasks.Parallel.dll |
| [...]/csharp/tools/[...]/System.Threading.Tasks.dll |
| [...]/csharp/tools/[...]/System.Threading.Thread.dll |
| [...]/csharp/tools/[...]/System.Threading.ThreadPool.dll |
| [...]/csharp/tools/[...]/System.Threading.Timer.dll |
| [...]/csharp/tools/[...]/System.Threading.dll |
| [...]/csharp/tools/[...]/System.Transactions.Local.dll |
| [...]/csharp/tools/[...]/System.Transactions.dll |
| [...]/csharp/tools/[...]/System.ValueTuple.dll |
| [...]/csharp/tools/[...]/System.Web.HttpUtility.dll |
| [...]/csharp/tools/[...]/System.Web.dll |
| [...]/csharp/tools/[...]/System.Windows.dll |
| [...]/csharp/tools/[...]/System.Xml.Linq.dll |
| [...]/csharp/tools/[...]/System.Xml.ReaderWriter.dll |
| [...]/csharp/tools/[...]/System.Xml.Serialization.dll |
| [...]/csharp/tools/[...]/System.Xml.XDocument.dll |
| [...]/csharp/tools/[...]/System.Xml.XPath.XDocument.dll |
| [...]/csharp/tools/[...]/System.Xml.XPath.dll |
| [...]/csharp/tools/[...]/System.Xml.XmlDocument.dll |
| [...]/csharp/tools/[...]/System.Xml.XmlSerializer.dll |
| [...]/csharp/tools/[...]/System.Xml.dll |
| [...]/csharp/tools/[...]/System.dll |
| [...]/csharp/tools/[...]/WindowsBase.dll |
| [...]/csharp/tools/[...]/mscorlib.dll |
| [...]/csharp/tools/[...]/netstandard.dll |
