| class Meta | 0 | class Meta |
| class Meta | 1 | builtin-class type |
| class Meta | 2 | builtin-class object |
| class NewStyle | 0 | class NewStyle |
| class NewStyle | 1 | builtin-class object |
| class NewStyleDerived | 0 | class NewStyleDerived |
| class NewStyleDerived | 1 | class NewStyle |
| class NewStyleDerived | 2 | builtin-class object |
| class O | 0 | class O |
| class O | 1 | builtin-class object |
| class Oddities | 0 | class Oddities |
| class Oddities | 1 | builtin-class object |
| class OldStyle | 0 | class OldStyle |
| class OldStyle | 1 | builtin-class object |
| class OldStyleDerived | 0 | class OldStyleDerived |
| class OldStyleDerived | 1 | class OldStyle |
| class OldStyleDerived | 2 | builtin-class object |
| class Sub | 0 | class Sub |
| class Sub | 1 | class Oddities |
| class Sub | 2 | class Unhashable |
| class Sub | 3 | builtin-class object |
| class Unhashable | 0 | class Unhashable |
| class Unhashable | 1 | builtin-class object |
| class W | 0 | class W |
| class W | 1 | class Y |
| class W | 2 | class X |
| class W | 3 | builtin-class object |
| class WithMeta | 0 | class WithMeta |
| class WithMeta | 1 | builtin-class object |
| class X | 0 | class X |
| class X | 1 | builtin-class object |
| class Y | 0 | class Y |
| class Y | 1 | class X |
| class Y | 2 | builtin-class object |
