graphqlSchemaObjectClass
| app/graphql/types/base_object.rb:2:3:4:5 | BaseObject |
| app/graphql/types/mutation_type.rb:2:3:4:5 | MutationType |
| app/graphql/types/query_type.rb:2:3:45:5 | QueryType |
graphqlSchemaObjectFieldDefinition
| app/graphql/types/mutation_type.rb:2:3:4:5 | MutationType | app/graphql/types/mutation_type.rb:3:5:3:44 | call to field |
| app/graphql/types/query_type.rb:2:3:45:5 | QueryType | app/graphql/types/query_type.rb:3:5:5:40 | call to field |
| app/graphql/types/query_type.rb:2:3:45:5 | QueryType | app/graphql/types/query_type.rb:7:5:9:7 | call to field |
| app/graphql/types/query_type.rb:2:3:45:5 | QueryType | app/graphql/types/query_type.rb:15:5:17:7 | call to field |
| app/graphql/types/query_type.rb:2:3:45:5 | QueryType | app/graphql/types/query_type.rb:24:5:26:7 | call to field |
| app/graphql/types/query_type.rb:2:3:45:5 | QueryType | app/graphql/types/query_type.rb:32:5:35:7 | call to field |
graphqlResolveMethod
| app/graphql/mutations/dummy.rb:9:5:12:7 | resolve |
| app/graphql/resolvers/dummy_resolver.rb:10:5:13:7 | resolve |
graphqlResolveMethodRoutedParameter
| app/graphql/mutations/dummy.rb:9:5:12:7 | resolve | app/graphql/mutations/dummy.rb:9:17:9:25 | something |
| app/graphql/resolvers/dummy_resolver.rb:10:5:13:7 | resolve | app/graphql/resolvers/dummy_resolver.rb:10:17:10:25 | something |
graphqlLoadMethod
| app/graphql/mutations/dummy.rb:5:5:7:7 | load_something |
| app/graphql/resolvers/dummy_resolver.rb:6:5:8:7 | load_something |
graphqlLoadMethodRoutedParameter
| app/graphql/mutations/dummy.rb:5:5:7:7 | load_something | app/graphql/mutations/dummy.rb:5:24:5:25 | id |
| app/graphql/resolvers/dummy_resolver.rb:6:5:8:7 | load_something | app/graphql/resolvers/dummy_resolver.rb:6:24:6:25 | id |
graphqlFieldDefinitionMethodCall
| app/graphql/types/mutation_type.rb:3:5:3:44 | call to field |
| app/graphql/types/query_type.rb:3:5:5:40 | call to field |
| app/graphql/types/query_type.rb:7:5:9:7 | call to field |
| app/graphql/types/query_type.rb:15:5:17:7 | call to field |
| app/graphql/types/query_type.rb:24:5:26:7 | call to field |
| app/graphql/types/query_type.rb:32:5:35:7 | call to field |
graphqlFieldResolutionMethod
| app/graphql/types/query_type.rb:10:5:13:7 | with_arg |
| app/graphql/types/query_type.rb:18:5:22:7 | custom_method |
| app/graphql/types/query_type.rb:27:5:30:7 | with_splat |
| app/graphql/types/query_type.rb:36:5:40:7 | with_splat_and_named_arg |
graphqlFieldResolutionRoutedParameter
| app/graphql/types/query_type.rb:10:5:13:7 | with_arg | app/graphql/types/query_type.rb:10:18:10:23 | number |
| app/graphql/types/query_type.rb:18:5:22:7 | custom_method | app/graphql/types/query_type.rb:18:23:18:33 | blah_number |
| app/graphql/types/query_type.rb:27:5:30:7 | with_splat | app/graphql/types/query_type.rb:27:20:27:25 | **args |
| app/graphql/types/query_type.rb:36:5:40:7 | with_splat_and_named_arg | app/graphql/types/query_type.rb:36:34:36:37 | arg1 |
| app/graphql/types/query_type.rb:36:5:40:7 | with_splat_and_named_arg | app/graphql/types/query_type.rb:36:41:36:46 | **rest |
graphqlFieldResolutionDefinition
| app/graphql/types/query_type.rb:10:5:13:7 | with_arg | app/graphql/types/query_type.rb:7:5:9:7 | call to field |
| app/graphql/types/query_type.rb:18:5:22:7 | custom_method | app/graphql/types/query_type.rb:15:5:17:7 | call to field |
| app/graphql/types/query_type.rb:27:5:30:7 | with_splat | app/graphql/types/query_type.rb:24:5:26:7 | call to field |
| app/graphql/types/query_type.rb:36:5:40:7 | with_splat_and_named_arg | app/graphql/types/query_type.rb:32:5:35:7 | call to field |
