thisCall
| classes.kt:29:26:29:31 | this(...) |
superCall
| classes.kt:2:1:2:18 | super(...) |
| classes.kt:4:1:6:1 | super(...) |
| classes.kt:8:1:10:1 | super(...) |
| classes.kt:12:23:12:34 | super(...) |
| classes.kt:17:18:17:28 | super(...) |
| classes.kt:28:19:28:29 | super(...) |
| classes.kt:35:27:35:27 | super(...) |
| classes.kt:63:1:91:1 | super(...) |
| classes.kt:66:20:66:54 | super(...) |
| classes.kt:68:20:68:74 | super(...) |
| classes.kt:72:16:77:10 | super(...) |
| classes.kt:75:24:75:33 | super(...) |
| classes.kt:81:16:81:38 | super(...) |
| classes.kt:85:16:85:25 | super(...) |
| classes.kt:89:16:89:44 | super(...) |
