| lib/tst.js:7:1:7:45 | app.use ... rname)) | Serves the folder lib, which can contain private information. |
| lib/tst.js:9:1:9:43 | app.use ... otDir)) | Serves the folder lib, which can contain private information. |
| lib/tst.js:11:1:11:52 | app.use ... + '/')) | Serves the folder lib, which can contain private information. |
| private-file-exposure.js:8:1:8:49 | app.use ... ular')) | Serves the folder "./node_modules/angular", which can contain private information. |
| private-file-exposure.js:9:1:9:59 | app.use ... ular')) | Serves the folder "node_modules/angular", which can contain private information. |
| private-file-exposure.js:10:1:10:67 | app.use ... mate')) | Serves the folder "node_modules/angular-animate", which can contain private information. |
| private-file-exposure.js:11:1:11:67 | app.use ... ular')) | Serves the folder "/node_modules/angular", which can contain private information. |
| private-file-exposure.js:12:1:12:78 | app.use ... ute/')) | Serves the folder "/node_modules/angular-route/", which can contain private information. |
| private-file-exposure.js:13:1:13:48 | app.use ... ular')) | Serves the folder "/node_modules/angular", which can contain private information. |
| private-file-exposure.js:14:1:14:84 | app.use ... les'))) | Serves the folder "../node_modules", which can contain private information. |
| private-file-exposure.js:15:1:15:35 | app.use ... ('./')) | Serves the current working folder, which can contain private information. |
| private-file-exposure.js:16:1:16:67 | app.use ... lar/')) | Serves the folder "./node_modules/angular/", which can contain private information. |
| private-file-exposure.js:17:1:17:78 | app.use ... ar/'))) | Serves the folder "./node_modules/angular/", which can contain private information. |
| private-file-exposure.js:18:1:18:74 | app.use ... les"))) | Serves the folder "/node_modules", which can contain private information. |
| private-file-exposure.js:19:1:19:88 | app.use ... lar/')) | Serves the folder "/node_modules/angular/", which can contain private information. |
| private-file-exposure.js:22:1:22:58 | app.use ... lar/')) | Serves the folder "/node_modules/angular/", which can contain private information. |
| private-file-exposure.js:40:1:40:88 | app.use ... lar/')) | Serves the folder "/node_modules/angular/", which can contain private information. |
| private-file-exposure.js:41:1:41:97 | app.use ... lar/')) | Serves the folder "/node_modules/angular/", which can contain private information. |
| private-file-exposure.js:42:1:42:66 | app.use ... dir())) | Serves the home folder, which can contain private information. |
| private-file-exposure.js:43:1:43:46 | app.use ... )("/")) | Serves the root folder, which can contain private information. |
| private-file-exposure.js:51:5:51:88 | app.use ... les'))) | Serves the folder "../node_modules", which can contain private information. |
| private-file-exposure.js:70:5:70:71 | serveHa ... ular"}) | Serves the folder "./node_modules/angular", which can contain private information. |
| subfolder/private-file-exposure-2.js:6:1:6:34 | app.use ... rname)) | Serves the folder subfolder, which can contain private information. |
