edges
nodes
| TimingAttackAgainstHeader.py:14:12:14:46 | After Attribute() | semmle.label | After Attribute() |
subpaths
#select
| TimingAttackAgainstHeader.py:14:12:14:46 | After Attribute() | TimingAttackAgainstHeader.py:14:12:14:46 | After Attribute() | TimingAttackAgainstHeader.py:14:12:14:46 | After Attribute() | Timing attack against $@ validation. | TimingAttackAgainstHeader.py:14:12:14:46 | After Attribute() | client-supplied token |
