| test.py:22 | Attribute() | flask/MyView.as.view |
| test.py:25 | the_view | flask/MyView.as.view |
| test.py:29 | Attribute | {externally controlled string} |
| test.py:29 | Attribute() | externally controlled string |
| test.py:33 | Attribute | {externally controlled string} |
| test.py:33 | Subscript | externally controlled string |
| test.py:35 | Attribute | {externally controlled string} |
| test.py:35 | Subscript | externally controlled string |
| test.py:40 | Attribute | {externally controlled string} |
| test.py:40 | Attribute() | externally controlled string |
| test.py:41 | BinaryExpr | externally controlled string |
| test.py:41 | first_name | externally controlled string |
| test.py:41 | make_response() | flask.Response |
| test.py:45 | Attribute | {externally controlled string} |
| test.py:45 | Attribute() | externally controlled string |
| test.py:46 | first_name | externally controlled string |
| test.py:46 | make_response() | flask.Response |
| test.py:49 | name | externally controlled string |
| test.py:50 | BinaryExpr | externally controlled string |
| test.py:50 | make_response() | flask.Response |
| test.py:50 | name | externally controlled string |
| test.py:53 | subpath | externally controlled string |
| test.py:54 | BinaryExpr | externally controlled string |
| test.py:54 | make_response() | flask.Response |
| test.py:54 | subpath | externally controlled string |
| test.py:59 | bar | externally controlled string |
| test.py:60 | Attribute() | externally controlled string |
| test.py:60 | bar | externally controlled string |
| test.py:60 | make_response() | flask.Response |
| test.py:63 | lang_code | externally controlled string |
| test.py:64 | Attribute() | externally controlled string |
| test.py:64 | lang_code | externally controlled string |
| test.py:64 | make_response() | flask.Response |
