noLocation
| file://:0:0:0:0 | (no string representation) |
| file://:0:0:0:0 | (no string representation) |
| file://:0:0:0:0 | (no string representation) |
| file://:0:0:0:0 | (no string representation) |
| file://:0:0:0:0 | (no string representation) |
| file://:0:0:0:0 | (no string representation) |
