| IncorrectCompareToSignature.cs:5:16:5:24 | CompareTo | The parameter of this 'CompareTo' method is of type 'T', but the declaring type does not implement 'IComparable<T>'. |
| IncorrectCompareToSignatureBad.cs:5:16:5:24 | CompareTo | The parameter of this 'CompareTo' method is of type 'Bad', but the declaring type does not implement 'IComparable<Bad>'. |
