| System.IO.BufferedStream._stream |
| System.IO.Stream.SyncStream._stream |
| System.IO.SyncTextReader._in |
| System.IO.SyncTextWriter._out |
| System.IO.UnmanagedMemoryStreamWrapper._unmanagedStream |
| System.Net.Http.DelegatingHandler._innerHandler |
| System.Net.Http.DelegatingStream._innerStream |
| System.Net.Http.HttpClient._pendingRequestsCts |
| System.Net.Http.HttpContent._bufferedContent |
| System.Net.Http.HttpMessageInvoker._handler |
| System.Net.Http.HttpRequestMessage._content |
| System.Net.Http.HttpResponseMessage._content |
| System.Net.Http.NoWriteNoSeekStreamContent._content |
| System.Net.Http.StreamContent._content |
| System.Security.SecureString._buffer |
| System.Threading.CancellationTokenSource.Linked1CancellationTokenSource._reg1 |
| System.Threading.CancellationTokenSource.Linked2CancellationTokenSource._reg1 |
| System.Threading.CancellationTokenSource.Linked2CancellationTokenSource._reg2 |
| System.Threading.ReaderWriterLockSlim._readEvent |
| System.Threading.ReaderWriterLockSlim._upgradeEvent |
| System.Threading.ReaderWriterLockSlim._waitUpgradeEvent |
| System.Threading.ReaderWriterLockSlim._writeEvent |
| System.Xml.Serialization.XmlCountingReader._innerReader |
| System.Xml.XmlAsyncCheckReader._coreReader |
| System.Xml.XmlAsyncCheckWriter._coreWriter |
| System.Xml.XmlAutoDetectWriter._strm |
| System.Xml.XmlAutoDetectWriter._textWriter |
| System.Xml.XmlAutoDetectWriter._wrapped |
| System.Xml.XmlSqlBinaryReader._inStrm |
| System.Xml.XmlTextWriter._textWriter |
| System.Xml.Xsl.Runtime.XmlRawWriterWrapper._wrapped |
