| tst2.js:0:0:0:0 | tst2.js | ASTExtractor_extract |
| tst2.js:0:0:0:0 | tst2.js | CFGExtractor_extract |
| tst2.js:0:0:0:0 | tst2.js | FileExtractor_extractContents |
| tst2.js:0:0:0:0 | tst2.js | JSExtractor_extract |
| tst2.js:0:0:0:0 | tst2.js | JSParser_parse |
| tst2.js:0:0:0:0 | tst2.js | LexicalExtractor_extractLines |
| tst2.js:0:0:0:0 | tst2.js | LexicalExtractor_extractTokens |
| tst2.js:0:0:0:0 | tst2.js | TypeScriptASTConverter_convertAST |
| tst2.js:0:0:0:0 | tst2.js | TypeScriptParser_talkToParserWrapper |
| tst3.ts:0:0:0:0 | tst3.ts | ASTExtractor_extract |
| tst3.ts:0:0:0:0 | tst3.ts | CFGExtractor_extract |
| tst3.ts:0:0:0:0 | tst3.ts | FileExtractor_extractContents |
| tst3.ts:0:0:0:0 | tst3.ts | JSExtractor_extract |
| tst3.ts:0:0:0:0 | tst3.ts | JSParser_parse |
| tst3.ts:0:0:0:0 | tst3.ts | LexicalExtractor_extractLines |
| tst3.ts:0:0:0:0 | tst3.ts | LexicalExtractor_extractTokens |
| tst3.ts:0:0:0:0 | tst3.ts | TypeScriptASTConverter_convertAST |
| tst3.ts:0:0:0:0 | tst3.ts | TypeScriptParser_talkToParserWrapper |
| tst.html:0:0:0:0 | tst.html | ASTExtractor_extract |
| tst.html:0:0:0:0 | tst.html | CFGExtractor_extract |
| tst.html:0:0:0:0 | tst.html | FileExtractor_extractContents |
| tst.html:0:0:0:0 | tst.html | JSExtractor_extract |
| tst.html:0:0:0:0 | tst.html | JSParser_parse |
| tst.html:0:0:0:0 | tst.html | LexicalExtractor_extractLines |
| tst.html:0:0:0:0 | tst.html | LexicalExtractor_extractTokens |
| tst.html:0:0:0:0 | tst.html | TypeScriptASTConverter_convertAST |
| tst.html:0:0:0:0 | tst.html | TypeScriptParser_talkToParserWrapper |
| tst.js:0:0:0:0 | tst.js | ASTExtractor_extract |
| tst.js:0:0:0:0 | tst.js | CFGExtractor_extract |
| tst.js:0:0:0:0 | tst.js | FileExtractor_extractContents |
| tst.js:0:0:0:0 | tst.js | JSExtractor_extract |
| tst.js:0:0:0:0 | tst.js | JSParser_parse |
| tst.js:0:0:0:0 | tst.js | LexicalExtractor_extractLines |
| tst.js:0:0:0:0 | tst.js | LexicalExtractor_extractTokens |
| tst.js:0:0:0:0 | tst.js | TypeScriptASTConverter_convertAST |
| tst.js:0:0:0:0 | tst.js | TypeScriptParser_talkToParserWrapper |
