| AsRef | System.Runtime.InteropServices.InAttribute | modreq |
| EventWriteTransfer | System.Runtime.InteropServices.InAttribute | modreq |
| GetPinnableReference | System.Runtime.InteropServices.InAttribute | modreq |
| Invoke | System.Runtime.InteropServices.InAttribute | modreq |
| Max | System.Runtime.InteropServices.InAttribute | modreq |
| Min | System.Runtime.InteropServices.InAttribute | modreq |
| ThreadIDExecutingCallbacks | System.Runtime.CompilerServices.IsVolatile | modreq |
| Value | System.Runtime.CompilerServices.IsVolatile | modreq |
| _bufferedValuesIndex | System.Runtime.CompilerServices.IsVolatile | modreq |
| _canSeek | System.Runtime.CompilerServices.IsVolatile | modreq |
| _container | System.Runtime.CompilerServices.IsVolatile | modreq |
| _fullyInitialized | System.Runtime.CompilerServices.IsVolatile | modreq |
| _head | System.Runtime.CompilerServices.IsVolatile | modreq |
| _idsThatDoNotTrackAllValues | System.Runtime.CompilerServices.IsVolatile | modreq |
| _initialized | System.Runtime.CompilerServices.IsVolatile | modreq |
| _isWriterInProgress | System.Runtime.CompilerServices.IsVolatile | modreq |
| _kernelEvent | System.Runtime.CompilerServices.IsVolatile | modreq |
| _localTimeZone | System.Runtime.CompilerServices.IsVolatile | modreq |
| _next | System.Runtime.CompilerServices.IsVolatile | modreq |
| _oldKeepAlive | System.Runtime.CompilerServices.IsVolatile | modreq |
| _owner | System.Runtime.CompilerServices.IsVolatile | modreq |
| _previous | System.Runtime.CompilerServices.IsVolatile | modreq |
| _queues | System.Runtime.CompilerServices.IsVolatile | modreq |
| _saDurationFormats | System.Runtime.CompilerServices.IsVolatile | modreq |
| _saLongTimes | System.Runtime.CompilerServices.IsVolatile | modreq |
| _saShortTimes | System.Runtime.CompilerServices.IsVolatile | modreq |
| _slotArray | System.Runtime.CompilerServices.IsVolatile | modreq |
| _state | System.Runtime.CompilerServices.IsVolatile | modreq |
| _supportsRandomAccess | System.Runtime.CompilerServices.IsVolatile | modreq |
| _tail | System.Runtime.CompilerServices.IsVolatile | modreq |
| _timer | System.Runtime.CompilerServices.IsVolatile | modreq |
| _version | System.Runtime.CompilerServices.IsVolatile | modreq |
| _waCalendars | System.Runtime.CompilerServices.IsVolatile | modreq |
| currentTimeZone | System.Runtime.CompilerServices.IsVolatile | modreq |
| g_nameCache | System.Runtime.CompilerServices.IsVolatile | modreq |
| get_Current | System.Runtime.InteropServices.InAttribute | modreq |
| get_Item | System.Runtime.InteropServices.InAttribute | modreq |
| m_Dispatchers | System.Runtime.CompilerServices.IsVolatile | modreq |
| m_Next | System.Runtime.CompilerServices.IsVolatile | modreq |
| m_array | System.Runtime.CompilerServices.IsVolatile | modreq |
| m_channelData | System.Runtime.CompilerServices.IsVolatile | modreq |
| m_combinedState | System.Runtime.CompilerServices.IsVolatile | modreq |
| m_completionCountdown | System.Runtime.CompilerServices.IsVolatile | modreq |
| m_completionEvent | System.Runtime.CompilerServices.IsVolatile | modreq |
| m_continuationObject | System.Runtime.CompilerServices.IsVolatile | modreq |
| m_currentCount | System.Runtime.CompilerServices.IsVolatile | modreq |
| m_declaringType | System.Runtime.CompilerServices.IsVolatile | modreq |
| m_etwProvider | System.Runtime.CompilerServices.IsVolatile | modreq |
| m_eventData | System.Runtime.CompilerServices.IsVolatile | modreq |
| m_eventObj | System.Runtime.CompilerServices.IsVolatile | modreq |
| m_eventPipeProvider | System.Runtime.CompilerServices.IsVolatile | modreq |
| m_exceptionalChildren | System.Runtime.CompilerServices.IsVolatile | modreq |
| m_exceptionsHolder | System.Runtime.CompilerServices.IsVolatile | modreq |
| m_faultExceptions | System.Runtime.CompilerServices.IsVolatile | modreq |
| m_first | System.Runtime.CompilerServices.IsVolatile | modreq |
| m_head | System.Runtime.CompilerServices.IsVolatile | modreq |
| m_headIndex | System.Runtime.CompilerServices.IsVolatile | modreq |
| m_internalCancellationRequested | System.Runtime.CompilerServices.IsVolatile | modreq |
| m_isHandled | System.Runtime.CompilerServices.IsVolatile | modreq |
| m_last | System.Runtime.CompilerServices.IsVolatile | modreq |
| m_lock | System.Runtime.CompilerServices.IsVolatile | modreq |
| m_mask | System.Runtime.CompilerServices.IsVolatile | modreq |
| m_nameIsCached | System.Runtime.CompilerServices.IsVolatile | modreq |
| m_rawManifest | System.Runtime.CompilerServices.IsVolatile | modreq |
| m_stateFlags | System.Runtime.CompilerServices.IsVolatile | modreq |
| m_tail | System.Runtime.CompilerServices.IsVolatile | modreq |
| m_tailIndex | System.Runtime.CompilerServices.IsVolatile | modreq |
| m_taskSchedulerId | System.Runtime.CompilerServices.IsVolatile | modreq |
| m_waitHandle | System.Runtime.CompilerServices.IsVolatile | modreq |
| numOutstandingThreadRequests | System.Runtime.CompilerServices.IsVolatile | modreq |
| numRequestedWorkers | System.Runtime.CompilerServices.IsVolatile | modreq |
| property Current | System.Runtime.InteropServices.InAttribute | modreq |
| property Item | System.Runtime.InteropServices.InAttribute | modreq |
| s_DefaultThreadCurrentCulture | System.Runtime.CompilerServices.IsVolatile | modreq |
| s_DefaultThreadCurrentUICulture | System.Runtime.CompilerServices.IsVolatile | modreq |
| s_Invariant | System.Runtime.CompilerServices.IsVolatile | modreq |
| s_allContexts | System.Runtime.CompilerServices.IsVolatile | modreq |
| s_anonymouslyHostedDynamicMethodsModule | System.Runtime.CompilerServices.IsVolatile | modreq |
| s_cachedCultures | System.Runtime.CompilerServices.IsVolatile | modreq |
| s_cachedCulturesByLcid | System.Runtime.CompilerServices.IsVolatile | modreq |
| s_cachedCulturesByName | System.Runtime.CompilerServices.IsVolatile | modreq |
| s_cachedRegions | System.Runtime.CompilerServices.IsVolatile | modreq |
| s_canceledTask | System.Runtime.CompilerServices.IsVolatile | modreq |
| s_currentRegionInfo | System.Runtime.CompilerServices.IsVolatile | modreq |
| s_defaultBinder | System.Runtime.CompilerServices.IsVolatile | modreq |
| s_defaultFlowSuppressed | System.Runtime.CompilerServices.IsVolatile | modreq |
| s_defaultInstance | System.Runtime.CompilerServices.IsVolatile | modreq |
| s_emitAnsiColorCodes | System.Runtime.CompilerServices.IsVolatile | modreq |
| s_encoding | System.Runtime.CompilerServices.IsVolatile | modreq |
| s_indentSize | System.Runtime.CompilerServices.IsVolatile | modreq |
| s_initialized | System.Runtime.CompilerServices.IsVolatile | modreq |
| s_invariantInfo | System.Runtime.CompilerServices.IsVolatile | modreq |
| s_jajpDTFI | System.Runtime.CompilerServices.IsVolatile | modreq |
| s_japaneseEraInfo | System.Runtime.CompilerServices.IsVolatile | modreq |
| s_osVersion | System.Runtime.CompilerServices.IsVolatile | modreq |
| s_processId | System.Runtime.CompilerServices.IsVolatile | modreq |
| s_processPath | System.Runtime.CompilerServices.IsVolatile | modreq |
| s_provider | System.Runtime.CompilerServices.IsVolatile | modreq |
| s_providers | System.Runtime.CompilerServices.IsVolatile | modreq |
| s_regionNames | System.Runtime.CompilerServices.IsVolatile | modreq |
| s_userDefaultCulture | System.Runtime.CompilerServices.IsVolatile | modreq |
| s_userDefaultUICulture | System.Runtime.CompilerServices.IsVolatile | modreq |
| s_zhtwDTFI | System.Runtime.CompilerServices.IsVolatile | modreq |
| set_Prop2 | System.Runtime.CompilerServices.IsExternalInit | modreq |
