edges
| test.py:21:11:21:18 | ControlFlowNode for source() | test.py:22:10:22:22 | ControlFlowNode for Attribute |
| test.py:22:10:22:22 | ControlFlowNode for Attribute | test.py:22:10:22:24 | ControlFlowNode for Attribute() |
| test.py:29:11:29:18 | ControlFlowNode for source() | test.py:31:20:31:32 | ControlFlowNode for Attribute |
| test.py:31:20:31:32 | ControlFlowNode for Attribute | test.py:33:10:33:12 | ControlFlowNode for val |
| test.py:39:15:39:17 | ControlFlowNode for arg | test.py:40:11:40:23 | ControlFlowNode for Attribute |
| test.py:40:11:40:23 | ControlFlowNode for Attribute | test.py:41:10:41:12 | ControlFlowNode for val |
| test.py:45:11:45:18 | ControlFlowNode for source() | test.py:46:15:46:17 | ControlFlowNode for src |
| test.py:46:15:46:17 | ControlFlowNode for src | test.py:39:15:39:17 | ControlFlowNode for arg |
| test.py:52:24:52:26 | ControlFlowNode for arg | test.py:53:11:53:23 | ControlFlowNode for Attribute |
| test.py:53:11:53:23 | ControlFlowNode for Attribute | test.py:54:10:54:12 | ControlFlowNode for val |
| test.py:57:33:57:35 | ControlFlowNode for arg | test.py:58:24:58:26 | ControlFlowNode for arg |
| test.py:58:24:58:26 | ControlFlowNode for arg | test.py:52:24:52:26 | ControlFlowNode for arg |
| test.py:61:33:61:35 | ControlFlowNode for arg | test.py:62:33:62:35 | ControlFlowNode for arg |
| test.py:62:33:62:35 | ControlFlowNode for arg | test.py:57:33:57:35 | ControlFlowNode for arg |
| test.py:65:33:65:35 | ControlFlowNode for arg | test.py:66:33:66:35 | ControlFlowNode for arg |
| test.py:66:33:66:35 | ControlFlowNode for arg | test.py:61:33:61:35 | ControlFlowNode for arg |
| test.py:70:11:70:18 | ControlFlowNode for source() | test.py:71:33:71:35 | ControlFlowNode for src |
| test.py:71:33:71:35 | ControlFlowNode for src | test.py:65:33:65:35 | ControlFlowNode for arg |
| test.py:77:23:77:24 | ControlFlowNode for bm | test.py:79:10:79:12 | ControlFlowNode for val |
| test.py:83:11:83:18 | ControlFlowNode for source() | test.py:84:23:84:35 | ControlFlowNode for Attribute |
| test.py:84:23:84:35 | ControlFlowNode for Attribute | test.py:77:23:77:24 | ControlFlowNode for bm |
| test.py:89:37:89:38 | ControlFlowNode for bm | test.py:91:10:91:12 | ControlFlowNode for val |
| test.py:94:46:94:47 | ControlFlowNode for bm | test.py:95:37:95:38 | ControlFlowNode for bm |
| test.py:95:37:95:38 | ControlFlowNode for bm | test.py:89:37:89:38 | ControlFlowNode for bm |
| test.py:98:46:98:47 | ControlFlowNode for bm | test.py:99:46:99:47 | ControlFlowNode for bm |
| test.py:99:46:99:47 | ControlFlowNode for bm | test.py:94:46:94:47 | ControlFlowNode for bm |
| test.py:102:46:102:47 | ControlFlowNode for bm | test.py:103:46:103:47 | ControlFlowNode for bm |
| test.py:103:46:103:47 | ControlFlowNode for bm | test.py:98:46:98:47 | ControlFlowNode for bm |
| test.py:107:11:107:18 | ControlFlowNode for source() | test.py:108:46:108:58 | ControlFlowNode for Attribute |
| test.py:108:46:108:58 | ControlFlowNode for Attribute | test.py:102:46:102:47 | ControlFlowNode for bm |
nodes
| test.py:21:11:21:18 | ControlFlowNode for source() | semmle.label | ControlFlowNode for source() |
| test.py:22:10:22:22 | ControlFlowNode for Attribute | semmle.label | ControlFlowNode for Attribute |
| test.py:22:10:22:24 | ControlFlowNode for Attribute() | semmle.label | ControlFlowNode for Attribute() |
| test.py:29:11:29:18 | ControlFlowNode for source() | semmle.label | ControlFlowNode for source() |
| test.py:31:20:31:32 | ControlFlowNode for Attribute | semmle.label | ControlFlowNode for Attribute |
| test.py:33:10:33:12 | ControlFlowNode for val | semmle.label | ControlFlowNode for val |
| test.py:39:15:39:17 | ControlFlowNode for arg | semmle.label | ControlFlowNode for arg |
| test.py:40:11:40:23 | ControlFlowNode for Attribute | semmle.label | ControlFlowNode for Attribute |
| test.py:41:10:41:12 | ControlFlowNode for val | semmle.label | ControlFlowNode for val |
| test.py:45:11:45:18 | ControlFlowNode for source() | semmle.label | ControlFlowNode for source() |
| test.py:46:15:46:17 | ControlFlowNode for src | semmle.label | ControlFlowNode for src |
| test.py:52:24:52:26 | ControlFlowNode for arg | semmle.label | ControlFlowNode for arg |
| test.py:53:11:53:23 | ControlFlowNode for Attribute | semmle.label | ControlFlowNode for Attribute |
| test.py:54:10:54:12 | ControlFlowNode for val | semmle.label | ControlFlowNode for val |
| test.py:57:33:57:35 | ControlFlowNode for arg | semmle.label | ControlFlowNode for arg |
| test.py:58:24:58:26 | ControlFlowNode for arg | semmle.label | ControlFlowNode for arg |
| test.py:61:33:61:35 | ControlFlowNode for arg | semmle.label | ControlFlowNode for arg |
| test.py:62:33:62:35 | ControlFlowNode for arg | semmle.label | ControlFlowNode for arg |
| test.py:65:33:65:35 | ControlFlowNode for arg | semmle.label | ControlFlowNode for arg |
| test.py:66:33:66:35 | ControlFlowNode for arg | semmle.label | ControlFlowNode for arg |
| test.py:70:11:70:18 | ControlFlowNode for source() | semmle.label | ControlFlowNode for source() |
| test.py:71:33:71:35 | ControlFlowNode for src | semmle.label | ControlFlowNode for src |
| test.py:77:23:77:24 | ControlFlowNode for bm | semmle.label | ControlFlowNode for bm |
| test.py:79:10:79:12 | ControlFlowNode for val | semmle.label | ControlFlowNode for val |
| test.py:83:11:83:18 | ControlFlowNode for source() | semmle.label | ControlFlowNode for source() |
| test.py:84:23:84:35 | ControlFlowNode for Attribute | semmle.label | ControlFlowNode for Attribute |
| test.py:89:37:89:38 | ControlFlowNode for bm | semmle.label | ControlFlowNode for bm |
| test.py:91:10:91:12 | ControlFlowNode for val | semmle.label | ControlFlowNode for val |
| test.py:94:46:94:47 | ControlFlowNode for bm | semmle.label | ControlFlowNode for bm |
| test.py:95:37:95:38 | ControlFlowNode for bm | semmle.label | ControlFlowNode for bm |
| test.py:98:46:98:47 | ControlFlowNode for bm | semmle.label | ControlFlowNode for bm |
| test.py:99:46:99:47 | ControlFlowNode for bm | semmle.label | ControlFlowNode for bm |
| test.py:102:46:102:47 | ControlFlowNode for bm | semmle.label | ControlFlowNode for bm |
| test.py:103:46:103:47 | ControlFlowNode for bm | semmle.label | ControlFlowNode for bm |
| test.py:107:11:107:18 | ControlFlowNode for source() | semmle.label | ControlFlowNode for source() |
| test.py:108:46:108:58 | ControlFlowNode for Attribute | semmle.label | ControlFlowNode for Attribute |
subpaths
#select
| test.py:22:10:22:24 | ControlFlowNode for Attribute() | test.py:21:11:21:18 | ControlFlowNode for source() | test.py:22:10:22:24 | ControlFlowNode for Attribute() | test flow (proper): test_simple |
| test.py:33:10:33:12 | ControlFlowNode for val | test.py:29:11:29:18 | ControlFlowNode for source() | test.py:33:10:33:12 | ControlFlowNode for val | test flow (proper): test_alias |
| test.py:41:10:41:12 | ControlFlowNode for val | test.py:45:11:45:18 | ControlFlowNode for source() | test.py:41:10:41:12 | ControlFlowNode for val | test flow (proper): test_accross_functions |
| test.py:54:10:54:12 | ControlFlowNode for val | test.py:70:11:70:18 | ControlFlowNode for source() | test.py:54:10:54:12 | ControlFlowNode for val | test flow (proper): test_deeply_nested |
| test.py:79:10:79:12 | ControlFlowNode for val | test.py:83:11:83:18 | ControlFlowNode for source() | test.py:79:10:79:12 | ControlFlowNode for val | test flow (proper): test_pass_bound_method |
| test.py:91:10:91:12 | ControlFlowNode for val | test.py:107:11:107:18 | ControlFlowNode for source() | test.py:91:10:91:12 | ControlFlowNode for val | test flow (proper): test_deeply_nested_bound_method |
